// Jest Snapshot v1, https://goo.gl/fbAQLP

exports[`Navbar component matches the snapshot 1`] = `
<div
  className="rocketItems"
/>
`;
